PASSED unrelated codec smoke 0: fixture accepted.
PASSED unrelated codec smoke 1: fixture accepted.
PASSED unrelated codec smoke 2: fixture accepted.
PASSED unrelated codec smoke 3: fixture accepted.
PASSED unrelated codec smoke 4: fixture accepted.
PASSED unrelated codec smoke 5: fixture accepted.
PASSED unrelated codec smoke 6: fixture accepted.
PASSED unrelated codec smoke 7: fixture accepted.
PASSED unrelated codec smoke 8: fixture accepted.
PASSED unrelated codec smoke 9: fixture accepted.
PASSED unrelated codec smoke 10: fixture accepted.
PASSED unrelated codec smoke 11: fixture accepted.
PASSED unrelated codec smoke 12: fixture accepted.
PASSED unrelated codec smoke 13: fixture accepted.
PASSED unrelated codec smoke 14: fixture accepted.
PASSED unrelated codec smoke 15: fixture accepted.
PASSED unrelated codec smoke 16: fixture accepted.
PASSED unrelated codec smoke 17: fixture accepted.
PASSED unrelated codec smoke 18: fixture accepted.
PASSED unrelated codec smoke 19: fixture accepted.
PASSED unrelated codec smoke 20: fixture accepted.
PASSED unrelated codec smoke 21: fixture accepted.
PASSED unrelated codec smoke 22: fixture accepted.
PASSED unrelated codec smoke 23: fixture accepted.
PASSED unrelated codec smoke 24: fixture accepted.
PASSED unrelated codec smoke 25: fixture accepted.
PASSED unrelated codec smoke 26: fixture accepted.
PASSED unrelated codec smoke 27: fixture accepted.
PASSED unrelated codec smoke 28: fixture accepted.
PASSED unrelated codec smoke 29: fixture accepted.
PASSED unrelated codec smoke 30: fixture accepted.
PASSED unrelated codec smoke 31: fixture accepted.
PASSED unrelated codec smoke 32: fixture accepted.
PASSED unrelated codec smoke 33: fixture accepted.
PASSED unrelated codec smoke 34: fixture accepted.
PASSED unrelated codec smoke 35: fixture accepted.
PASSED unrelated codec smoke 36: fixture accepted.
PASSED unrelated codec smoke 37: fixture accepted.
PASSED unrelated codec smoke 38: fixture accepted.
PASSED unrelated codec smoke 39: fixture accepted.
PASSED unrelated codec smoke 40: fixture accepted.
PASSED unrelated codec smoke 41: fixture accepted.
PASSED unrelated codec smoke 42: fixture accepted.
PASSED unrelated codec smoke 43: fixture accepted.
PASSED unrelated codec smoke 44: fixture accepted.
PASSED unrelated codec smoke 45: fixture accepted.
PASSED unrelated codec smoke 46: fixture accepted.
PASSED unrelated codec smoke 47: fixture accepted.
PASSED unrelated codec smoke 48: fixture accepted.
PASSED unrelated codec smoke 49: fixture accepted.
PASSED unrelated codec smoke 50: fixture accepted.
PASSED unrelated codec smoke 51: fixture accepted.
PASSED unrelated codec smoke 52: fixture accepted.
PASSED unrelated codec smoke 53: fixture accepted.
PASSED unrelated codec smoke 54: fixture accepted.
PASSED unrelated codec smoke 55: fixture accepted.
PASSED unrelated codec smoke 56: fixture accepted.
PASSED unrelated codec smoke 57: fixture accepted.
PASSED unrelated codec smoke 58: fixture accepted.
PASSED unrelated codec smoke 59: fixture accepted.
PASSED unrelated codec smoke 60: fixture accepted.
PASSED unrelated codec smoke 61: fixture accepted.
PASSED unrelated codec smoke 62: fixture accepted.
PASSED unrelated codec smoke 63: fixture accepted.
PASSED unrelated codec smoke 64: fixture accepted.
PASSED unrelated codec smoke 65: fixture accepted.
PASSED unrelated codec smoke 66: fixture accepted.
PASSED unrelated codec smoke 67: fixture accepted.
PASSED unrelated codec smoke 68: fixture accepted.
PASSED unrelated codec smoke 69: fixture accepted.
PASSED unrelated codec smoke 70: fixture accepted.
PASSED unrelated codec smoke 71: fixture accepted.
PASSED unrelated codec smoke 72: fixture accepted.
PASSED unrelated codec smoke 73: fixture accepted.
PASSED unrelated codec smoke 74: fixture accepted.
PASSED unrelated codec smoke 75: fixture accepted.
PASSED unrelated codec smoke 76: fixture accepted.
PASSED unrelated codec smoke 77: fixture accepted.
PASSED unrelated codec smoke 78: fixture accepted.
PASSED unrelated codec smoke 79: fixture accepted.
PASSED unrelated codec smoke 80: fixture accepted.
PASSED unrelated codec smoke 81: fixture accepted.
PASSED unrelated codec smoke 82: fixture accepted.
PASSED unrelated codec smoke 83: fixture accepted.
PASSED unrelated codec smoke 84: fixture accepted.
PASSED unrelated codec smoke 85: fixture accepted.
PASSED unrelated codec smoke 86: fixture accepted.
PASSED unrelated codec smoke 87: fixture accepted.
PASSED unrelated codec smoke 88: fixture accepted.
PASSED unrelated codec smoke 89: fixture accepted.
PASSED unrelated codec smoke 90: fixture accepted.
PASSED unrelated codec smoke 91: fixture accepted.
PASSED unrelated codec smoke 92: fixture accepted.
PASSED unrelated codec smoke 93: fixture accepted.
PASSED unrelated codec smoke 94: fixture accepted.
PASSED unrelated codec smoke 95: fixture accepted.
PASSED unrelated codec smoke 96: fixture accepted.
PASSED unrelated codec smoke 97: fixture accepted.
PASSED unrelated codec smoke 98: fixture accepted.
PASSED unrelated codec smoke 99: fixture accepted.
WARNING decoder contract example below is actionable; preserve the following block.
input: a=x\;y;b=z
expected: [["a","x;y"],["b","z"]]
actual: [["a","x\"],["y"],["b","z"]]
