{
  "directory": "/home/laurent/pi_jev/results/general-v3-aggressive-r1",
  "json": "/home/laurent/pi_jev/results/general-v3-aggressive-r1/general-analysis.json",
  "report": "/home/laurent/pi_jev/results/general-v3-aggressive-r1/GENERAL_REPORT.md",
  "arms": {
    "baseline": {
      "trials": 8,
      "validTrials": 8,
      "expectedTrials": 8,
      "completionRate": 1.0,
      "errors": 0,
      "errorIds": [],
      "taskPasses": 7,
      "taskPassRate": 0.875,
      "testsPassed": 138,
      "testsTotal": 147,
      "casePassRate": 0.9387755102040817,
      "inputTotal": 529263,
      "inputCached": 376320,
      "inputUncached": 152943,
      "cacheShare": 0.7110264651033608,
      "cachedRequests": 103,
      "requests": 149,
      "outputTokens": 14162,
      "allTokens": 543425,
      "meanWallMs": 85024.120972,
      "judgeCalls": 0,
      "judgeLatencyMs": 0,
      "filterEventsJudged": 0,
      "filterEventsApplied": 0,
      "interventionEventsApplied": 0,
      "filterActions": {},
      "filterRemovedCharacters": 0,
      "pruneEventsJudged": 0,
      "pruneEventsApplied": 0,
      "pruneActions": {},
      "prunedMessages": 0,
      "prunedCharacters": 0,
      "models": [],
      "strata": {
        "long": {
          "trials": 4,
          "validTrials": 4,
          "expectedTrials": 4,
          "completionRate": 1.0,
          "errors": 0,
          "errorIds": [],
          "taskPasses": 3,
          "taskPassRate": 0.75,
          "testsPassed": 61,
          "testsTotal": 70,
          "casePassRate": 0.8714285714285714,
          "inputTotal": 321638,
          "inputCached": 247296,
          "inputUncached": 74342,
          "cacheShare": 0.7688643754780219,
          "cachedRequests": 53,
          "requests": 71,
          "outputTokens": 5808,
          "allTokens": 327446,
          "meanWallMs": 60788.380786,
          "judgeCalls": 0,
          "judgeLatencyMs": 0,
          "filterEventsJudged": 0,
          "filterEventsApplied": 0,
          "interventionEventsApplied": 0,
          "filterActions": {},
          "filterRemovedCharacters": 0,
          "pruneEventsJudged": 0,
          "pruneEventsApplied": 0,
          "pruneActions": {},
          "prunedMessages": 0,
          "prunedCharacters": 0,
          "models": []
        },
        "short": {
          "trials": 4,
          "validTrials": 4,
          "expectedTrials": 4,
          "completionRate": 1.0,
          "errors": 0,
          "errorIds": [],
          "taskPasses": 4,
          "taskPassRate": 1.0,
          "testsPassed": 77,
          "testsTotal": 77,
          "casePassRate": 1.0,
          "inputTotal": 207625,
          "inputCached": 129024,
          "inputUncached": 78601,
          "cacheShare": 0.6214280553883202,
          "cachedRequests": 50,
          "requests": 78,
          "outputTokens": 8354,
          "allTokens": 215979,
          "meanWallMs": 109259.861158,
          "judgeCalls": 0,
          "judgeLatencyMs": 0,
          "filterEventsJudged": 0,
          "filterEventsApplied": 0,
          "interventionEventsApplied": 0,
          "filterActions": {},
          "filterRemovedCharacters": 0,
          "pruneEventsJudged": 0,
          "pruneEventsApplied": 0,
          "pruneActions": {},
          "prunedMessages": 0,
          "prunedCharacters": 0,
          "models": []
        }
      }
    },
    "laya": {
      "trials": 8,
      "validTrials": 8,
      "expectedTrials": 8,
      "completionRate": 1.0,
      "errors": 0,
      "errorIds": [],
      "taskPasses": 7,
      "taskPassRate": 0.875,
      "testsPassed": 146,
      "testsTotal": 147,
      "casePassRate": 0.9931972789115646,
      "inputTotal": 293319,
      "inputCached": 130560,
      "inputUncached": 162759,
      "cacheShare": 0.44511265891401514,
      "cachedRequests": 65,
      "requests": 134,
      "outputTokens": 11115,
      "allTokens": 304434,
      "meanWallMs": 60540.662982,
      "judgeCalls": 9,
      "judgeLatencyMs": 19049.418902,
      "filterEventsJudged": 8,
      "filterEventsApplied": 8,
      "interventionEventsApplied": 8,
      "filterActions": {
        "KEEP_FULL": 8
      },
      "filterRemovedCharacters": 65495,
      "pruneEventsJudged": 0,
      "pruneEventsApplied": 0,
      "pruneActions": {},
      "prunedMessages": 0,
      "prunedCharacters": 0,
      "models": [],
      "strata": {
        "long": {
          "trials": 4,
          "validTrials": 4,
          "expectedTrials": 4,
          "completionRate": 1.0,
          "errors": 0,
          "errorIds": [],
          "taskPasses": 3,
          "taskPassRate": 0.75,
          "testsPassed": 69,
          "testsTotal": 70,
          "casePassRate": 0.9857142857142858,
          "inputTotal": 148503,
          "inputCached": 65024,
          "inputUncached": 83479,
          "cacheShare": 0.4378632081506771,
          "cachedRequests": 31,
          "requests": 64,
          "outputTokens": 5088,
          "allTokens": 153591,
          "meanWallMs": 57970.799889,
          "judgeCalls": 6,
          "judgeLatencyMs": 13816.915212,
          "filterEventsJudged": 5,
          "filterEventsApplied": 5,
          "interventionEventsApplied": 5,
          "filterActions": {
            "KEEP_FULL": 5
          },
          "filterRemovedCharacters": 60465,
          "pruneEventsJudged": 0,
          "pruneEventsApplied": 0,
          "pruneActions": {},
          "prunedMessages": 0,
          "prunedCharacters": 0,
          "models": []
        },
        "short": {
          "trials": 4,
          "validTrials": 4,
          "expectedTrials": 4,
          "completionRate": 1.0,
          "errors": 0,
          "errorIds": [],
          "taskPasses": 4,
          "taskPassRate": 1.0,
          "testsPassed": 77,
          "testsTotal": 77,
          "casePassRate": 1.0,
          "inputTotal": 144816,
          "inputCached": 65536,
          "inputUncached": 79280,
          "cacheShare": 0.4525466799248702,
          "cachedRequests": 34,
          "requests": 70,
          "outputTokens": 6027,
          "allTokens": 150843,
          "meanWallMs": 63110.526076,
          "judgeCalls": 3,
          "judgeLatencyMs": 5232.50369,
          "filterEventsJudged": 3,
          "filterEventsApplied": 3,
          "interventionEventsApplied": 3,
          "filterActions": {
            "KEEP_FULL": 3
          },
          "filterRemovedCharacters": 5030,
          "pruneEventsJudged": 0,
          "pruneEventsApplied": 0,
          "pruneActions": {},
          "prunedMessages": 0,
          "prunedCharacters": 0,
          "models": []
        }
      }
    },
    "von": {
      "trials": 8,
      "validTrials": 8,
      "expectedTrials": 8,
      "completionRate": 1.0,
      "errors": 0,
      "errorIds": [],
      "taskPasses": 6,
      "taskPassRate": 0.75,
      "testsPassed": 145,
      "testsTotal": 147,
      "casePassRate": 0.9863945578231292,
      "inputTotal": 301038,
      "inputCached": 143360,
      "inputUncached": 157678,
      "cacheShare": 0.47621894910277107,
      "cachedRequests": 64,
      "requests": 132,
      "outputTokens": 10751,
      "allTokens": 311789,
      "meanWallMs": 67102.666028,
      "judgeCalls": 8,
      "judgeLatencyMs": 9662.20826,
      "filterEventsJudged": 8,
      "filterEventsApplied": 8,
      "interventionEventsApplied": 8,
      "filterActions": {
        "EXTERNALIZE": 3,
        "KEEP_FULL": 5
      },
      "filterRemovedCharacters": 65517,
      "pruneEventsJudged": 0,
      "pruneEventsApplied": 0,
      "pruneActions": {},
      "prunedMessages": 0,
      "prunedCharacters": 0,
      "models": [],
      "strata": {
        "long": {
          "trials": 4,
          "validTrials": 4,
          "expectedTrials": 4,
          "completionRate": 1.0,
          "errors": 0,
          "errorIds": [],
          "taskPasses": 3,
          "taskPassRate": 0.75,
          "testsPassed": 69,
          "testsTotal": 70,
          "casePassRate": 0.9857142857142858,
          "inputTotal": 147953,
          "inputCached": 68608,
          "inputUncached": 79345,
          "cacheShare": 0.4637148283576541,
          "cachedRequests": 30,
          "requests": 64,
          "outputTokens": 5254,
          "allTokens": 153207,
          "meanWallMs": 73356.984208,
          "judgeCalls": 5,
          "judgeLatencyMs": 8734.603259,
          "filterEventsJudged": 5,
          "filterEventsApplied": 5,
          "interventionEventsApplied": 5,
          "filterActions": {
            "KEEP_FULL": 5
          },
          "filterRemovedCharacters": 60470,
          "pruneEventsJudged": 0,
          "pruneEventsApplied": 0,
          "pruneActions": {},
          "prunedMessages": 0,
          "prunedCharacters": 0,
          "models": []
        },
        "short": {
          "trials": 4,
          "validTrials": 4,
          "expectedTrials": 4,
          "completionRate": 1.0,
          "errors": 0,
          "errorIds": [],
          "taskPasses": 3,
          "taskPassRate": 0.75,
          "testsPassed": 76,
          "testsTotal": 77,
          "casePassRate": 0.987012987012987,
          "inputTotal": 153085,
          "inputCached": 74752,
          "inputUncached": 78333,
          "cacheShare": 0.48830388346343534,
          "cachedRequests": 34,
          "requests": 68,
          "outputTokens": 5497,
          "allTokens": 158582,
          "meanWallMs": 60848.347848,
          "judgeCalls": 3,
          "judgeLatencyMs": 927.605001,
          "filterEventsJudged": 3,
          "filterEventsApplied": 3,
          "interventionEventsApplied": 3,
          "filterActions": {
            "EXTERNALIZE": 3
          },
          "filterRemovedCharacters": 5047,
          "pruneEventsJudged": 0,
          "pruneEventsApplied": 0,
          "pruneActions": {},
          "prunedMessages": 0,
          "prunedCharacters": 0,
          "models": []
        }
      }
    }
  },
  "gates": {
    "laya": "ABOVE_TARGET_BAND",
    "von": "FAIL_QUALITY_STRATUM"
  }
}
